// Jest Snapshot v1, https://goo.gl/fbAQLP

exports[`A test for missions component Check if it renders correctly 1`] = `
<div
  className="mission__container"
>
  <table
    className="table"
  >
    <thead>
      <tr
        className="row"
      >
        <th
          className="column head"
        >
          Mission
        </th>
        <th
          className="column head"
        >
          Description
        </th>
        <th
          className="column head"
        >
          Status
        </th>
        <th
          className="column head"
        >
           
        </th>
      </tr>
    </thead>
    <tbody />
  </table>
</div>
`;

exports[`A test for missions component Check whether mission component renders 1`] = `
<div
  className="mission__container"
>
  <table
    className="table"
  >
    <thead>
      <tr
        className="row"
      >
        <th
          className="column head"
        >
          Mission
        </th>
        <th
          className="column head"
        >
          Description
        </th>
        <th
          className="column head"
        >
          Status
        </th>
        <th
          className="column head"
        >
           
        </th>
      </tr>
    </thead>
    <tbody />
  </table>
</div>
`;
